[2025-10-15 23:26:27] Starting user addition for environment: localstack
[2025-10-15 23:26:27] Processing CSV file: HowTo/users.csv
[2025-10-15 23:26:27] Adding users to envs/localstack.tfvars
[2025-10-15 23:30:28] Starting user addition for environment: localstack
[2025-10-15 23:31:18] Starting user addition for environment: localstack
[2025-10-15 23:32:30] Starting user addition for environment: localstack
[2025-10-15 23:32:30] Processing CSV file: HowTo/users.csv
[2025-10-15 23:32:30] Adding users to envs/localstack.tfvars
[2025-10-15 23:33:07] Starting user addition for environment: localstack
[2025-10-15 23:33:07] Processing CSV file: HowTo/users.csv
[2025-10-15 23:33:07] Adding users to envs/localstack.tfvars
[2025-10-15 23:33:07] Running terraform init...
[2025-10-15 23:33:13] Running terraform validate...
[2025-10-15 23:33:25] Running terraform plan...
[2025-10-15 23:33:28] Terraform plan failed
[2025-10-15 23:34:58] Starting user addition for environment: localstack
[2025-10-15 23:34:58] Processing CSV file: HowTo/users.csv
[2025-10-15 23:34:58] Adding users to envs/localstack.tfvars
[2025-10-15 23:34:58] Running terraform init...
[2025-10-15 23:35:05] Running terraform validate...
[2025-10-15 23:35:14] Running terraform plan...
[2025-10-15 23:35:15] Terraform plan failed
[2025-10-15 23:36:18] Starting user addition for environment: localstack
[2025-10-15 23:36:18] Processing CSV file: HowTo/users.csv
[2025-10-15 23:36:18] Adding users to envs/localstack.tfvars
[2025-10-15 23:36:18] Running terraform init...
[2025-10-15 23:36:25] Running terraform validate...
[2025-10-15 23:36:37] Running terraform plan...
[2025-10-15 23:36:58] Running terraform apply...
[2025-10-15 23:37:29] Terraform apply successful
[2025-10-15 23:37:29] Reset HowTo/users.csv for next use
[2025-10-15 23:37:29] User addition completed successfully
[2025-10-15 23:40:42] Starting user addition for environment: localstack
[2025-10-15 23:41:04] Starting user addition for environment: localstack
[2025-10-15 23:41:04] Processing CSV file: HowTo/users.csv
[2025-10-15 23:41:04] Adding users to envs/localstack.tfvars
[2025-10-15 23:41:04] Running terraform init...
[2025-10-15 23:41:10] Running terraform validate...
[2025-10-15 23:41:18] Running terraform plan...
[2025-10-15 23:41:32] Running terraform apply...
[2025-10-15 23:41:55] Terraform apply failed
